>>> info
ESP-ROM:esp32c6-20220919
Build:Sep 19 2022
rst:0x15 (USB_UART_HPSYS),boot:0x7f (SPI_FAST_FLASH_BOOT)
Saved PC:0x40803a0e
SPIWP:0xee
mode:DIO, clock div:2
load:0x40875730,len:0x1278
load:0x4086b910,len:0xc58
load:0x4086e610,len:0x31c0
entry 0x4086b910

[selftest] PneX pin self-test console — type `info`
PNEXT {"op":"ready","chip":"esp32-c6","board":"esp32-c6-zero","fw":"selftest","adc_max":4095}
>>> test 0 digital_in
PNEXT {"op":"info","chip":"esp32-c6","board":"esp32-c6-zero","fw":"selftest","adc_max":4095}
PNEXT {"op":"test","gpio":0,"mode":"digital_in","samples":[0,0,0,0,0]}
>>> test 0 digital_in_pullup
PNEXT {"op":"test","gpio":0,"mode":"digital_in_pullup","samples":[1,1,1,1,1]}
>>> test 0 adc_in
PNEXT {"op":"test","gpio":0,"mode":"adc_in","samples":[2842,2561,2315,2099,1907,1730,1564,1416,1278,1150]}
>>> test 0 digital_out
PNEXT {"op":"test","gpio":0,"mode":"digital_out","w0":0,"w1":1}
>>> test 0 pwm_out
PNEXT {"op":"test","gpio":0,"mode":"pwm_out","measured":{"0":0,"50":50,"100":100}}
>>> test 1 digital_in
PNEXT {"op":"test","gpio":1,"mode":"digital_in","samples":[0,0,0,0,0]}
>>> test 1 digital_in_pullup
PNEXT {"op":"test","gpio":1,"mode":"digital_in_pullup","samples":[1,1,1,1,1]}
>>> test 1 adc_in
PNEXT {"op":"test","gpio":1,"mode":"adc_in","samples":[2805,2479,2224,2006,1810,1631,1468,1309,1163,1025]}
>>> test 1 digital_out
PNEXT {"op":"test","gpio":1,"mode":"digital_out","w0":0,"w1":1}
>>> test 1 pwm_out
PNEXT {"op":"test","gpio":1,"mode":"pwm_out","measured":{"0":0,"50":50,"100":100}}
>>> test 2 digital_in
PNEXT {"op":"test","gpio":2,"mode":"digital_in","samples":[0,0,0,0,0]}
>>> test 2 digital_in_pullup
PNEXT {"op":"test","gpio":2,"mode":"digital_in_pullup","samples":[1,1,1,1,1]}
>>> test 2 adc_in
PNEXT {"op":"test","gpio":2,"mode":"adc_in","samples":[2762,2439,2167,1938,1728,1535,1356,1200,1057,928]}
>>> test 2 digital_out
PNEXT {"op":"test","gpio":2,"mode":"digital_out","w0":0,"w1":1}
>>> test 2 pwm_out
PNEXT {"op":"test","gpio":2,"mode":"pwm_out","measured":{"0":0,"50":50,"100":100}}
>>> test 3 digital_in
PNEXT {"op":"test","gpio":3,"mode":"digital_in","samples":[0,0,0,0,0]}
>>> test 3 digital_in_pullup
PNEXT {"op":"test","gpio":3,"mode":"digital_in_pullup","samples":[1,1,1,1,1]}
>>> test 3 adc_in
PNEXT {"op":"test","gpio":3,"mode":"adc_in","samples":[2622,2309,2064,1859,1675,1507,1352,1199,1061,933]}
>>> test 3 digital_out
PNEXT {"op":"test","gpio":3,"mode":"digital_out","w0":0,"w1":1}
>>> test 3 pwm_out
PNEXT {"op":"test","gpio":3,"mode":"pwm_out","measured":{"0":0,"50":49,"100":100}}
>>> test 4 digital_in
PNEXT {"op":"test","gpio":4,"mode":"digital_in","samples":[0,0,0,0,0]}
>>> test 4 digital_in_pullup
PNEXT {"op":"test","gpio":4,"mode":"digital_in_pullup","samples":[1,1,1,1,1]}
>>> test 4 adc_in
PNEXT {"op":"test","gpio":4,"mode":"adc_in","samples":[2438,2179,1970,1785,1615,1456,1307,1176,1058,947]}
>>> test 4 digital_out
PNEXT {"op":"test","gpio":4,"mode":"digital_out","w0":0,"w1":1}
>>> test 4 pwm_out
PNEXT {"op":"test","gpio":4,"mode":"pwm_out","measured":{"0":0,"50":49,"100":100}}
>>> test 5 digital_in
PNEXT {"op":"test","gpio":5,"mode":"digital_in","samples":[0,0,0,0,0]}
>>> test 5 digital_in_pullup
PNEXT {"op":"test","gpio":5,"mode":"digital_in_pullup","samples":[1,1,1,1,1]}
>>> test 5 adc_in
PNEXT {"op":"test","gpio":5,"mode":"adc_in","samples":[2693,2402,2169,1974,1803,1649,1500,1358,1219,1089]}
>>> test 5 digital_out
PNEXT {"op":"test","gpio":5,"mode":"digital_out","w0":0,"w1":1}
>>> test 5 pwm_out
PNEXT {"op":"test","gpio":5,"mode":"pwm_out","measured":{"0":0,"50":49,"100":100}}
>>> test 16 digital_in
PNEXT {"op":"test","gpio":16,"mode":"digital_in","samples":[1,1,1,1,1]}
>>> test 16 digital_in_pullup
PNEXT {"op":"test","gpio":16,"mode":"digital_in_pullup","samples":[1,1,1,1,1]}
>>> test 16 digital_out
PNEXT {"op":"test","gpio":16,"mode":"digital_out","w0":0,"w1":1}
>>> test 16 pwm_out
PNEXT {"op":"test","gpio":16,"mode":"pwm_out","measured":{"0":0,"50":50,"100":100}}
>>> test 17 digital_in
PNEXT {"op":"test","gpio":17,"mode":"digital_in","samples":[1,1,1,1,1]}
>>> test 17 digital_in_pullup
PNEXT {"op":"test","gpio":17,"mode":"digital_in_pullup","samples":[1,1,1,1,1]}
>>> test 17 digital_out
PNEXT {"op":"test","gpio":17,"mode":"digital_out","w0":0,"w1":1}
>>> test 17 pwm_out
PNEXT {"op":"test","gpio":17,"mode":"pwm_out","measured":{"0":0,"50":50,"100":100}}
>>> test 14 digital_in
PNEXT {"op":"test","gpio":14,"mode":"digital_in","samples":[0,0,0,0,0]}
>>> test 14 digital_in_pullup
PNEXT {"op":"test","gpio":14,"mode":"digital_in_pullup","samples":[1,1,1,1,1]}
>>> test 14 digital_out
PNEXT {"op":"test","gpio":14,"mode":"digital_out","w0":0,"w1":1}
>>> test 14 pwm_out
PNEXT {"op":"test","gpio":14,"mode":"pwm_out","measured":{"0":0,"50":50,"100":100}}
>>> test 15 digital_in
PNEXT {"op":"test","gpio":15,"mode":"digital_in","samples":[0,0,0,0,0]}
>>> test 15 digital_in_pullup
PNEXT {"op":"test","gpio":15,"mode":"digital_in_pullup","samples":[1,1,1,1,1]}
>>> test 15 digital_out
PNEXT {"op":"test","gpio":15,"mode":"digital_out","w0":0,"w1":1}
>>> test 15 pwm_out
PNEXT {"op":"test","gpio":15,"mode":"pwm_out","measured":{"0":0,"50":50,"100":100}}
>>> test 18 digital_in
PNEXT {"op":"test","gpio":18,"mode":"digital_in","samples":[0,0,0,0,0]}
>>> test 18 digital_in_pullup
PNEXT {"op":"test","gpio":18,"mode":"digital_in_pullup","samples":[1,1,1,1,1]}
>>> test 18 digital_out
PNEXT {"op":"test","gpio":18,"mode":"digital_out","w0":0,"w1":1}
>>> test 18 pwm_out
PNEXT {"op":"test","gpio":18,"mode":"pwm_out","measured":{"0":0,"50":50,"100":100}}
>>> test 19 digital_in
PNEXT {"op":"test","gpio":19,"mode":"digital_in","samples":[0,0,0,0,0]}
>>> test 19 digital_in_pullup
PNEXT {"op":"test","gpio":19,"mode":"digital_in_pullup","samples":[1,1,1,1,1]}
>>> test 19 digital_out
PNEXT {"op":"test","gpio":19,"mode":"digital_out","w0":0,"w1":1}
>>> test 19 pwm_out
PNEXT {"op":"test","gpio":19,"mode":"pwm_out","measured":{"0":0,"50":50,"100":100}}
>>> test 20 digital_in
PNEXT {"op":"test","gpio":20,"mode":"digital_in","samples":[0,0,0,0,0]}
>>> test 20 digital_in_pullup
PNEXT {"op":"test","gpio":20,"mode":"digital_in_pullup","samples":[1,1,1,1,1]}
>>> test 20 digital_out
PNEXT {"op":"test","gpio":20,"mode":"digital_out","w0":0,"w1":1}
>>> test 20 pwm_out
PNEXT {"op":"test","gpio":20,"mode":"pwm_out","measured":{"0":0,"50":50,"100":100}}
>>> test 21 digital_in
PNEXT {"op":"test","gpio":21,"mode":"digital_in","samples":[0,0,0,0,0]}
>>> test 21 digital_in_pullup
PNEXT {"op":"test","gpio":21,"mode":"digital_in_pullup","samples":[1,1,1,1,1]}
>>> test 21 digital_out
PNEXT {"op":"test","gpio":21,"mode":"digital_out","w0":0,"w1":1}
>>> test 21 pwm_out
PNEXT {"op":"test","gpio":21,"mode":"pwm_out","measured":{"0":0,"50":50,"100":100}}
>>> test 22 digital_in
PNEXT {"op":"test","gpio":22,"mode":"digital_in","samples":[0,0,0,0,0]}
>>> test 22 digital_in_pullup
PNEXT {"op":"test","gpio":22,"mode":"digital_in_pullup","samples":[1,1,1,1,1]}
>>> test 22 digital_out
PNEXT {"op":"test","gpio":22,"mode":"digital_out","w0":0,"w1":1}
>>> test 22 pwm_out
PNEXT {"op":"test","gpio":22,"mode":"pwm_out","measured":{"0":0,"50":50,"100":100}}
