>>> info
ets Jul 29 2019 12:21:46

rst:0x1 (POWERON_RESET),boot:0x13 (SPI_FAST_FLASH_BOOT)
configsip: 0, SPIWP:0xee
clk_drv:0x00,q_drv:0x00,d_drv:0x00,cs0_drv:0x00,hd_drv:0x00,wp_drv:0x00
mode:DIO, clock div:2
load:0x3fff0030,len:1184
load:0x40078000,len:13232
load:0x40080400,len:3028
entry 0x400805e4
>>> info

[selftest] PneX pin self-test console — type `info`
PNEXT {"op":"ready","chip":"esp32","board":"esp32cam-ai-thinker","fw":"selftest","adc_max":4095}
>>> test 4 digital_in
PNEXT {"op":"info","chip":"esp32","board":"esp32cam-ai-thinker","fw":"selftest","adc_max":4095}
PNEXT {"op":"test","gpio":4,"mode":"digital_in","samples":[0,0,0,0,0]}
>>> test 4 digital_in_pullup
PNEXT {"op":"test","gpio":4,"mode":"digital_in_pullup","samples":[0,0,0,0,0]}
>>> test 4 digital_out
PNEXT {"op":"test","gpio":4,"mode":"digital_out","w0":0,"w1":1}
>>> test 4 pwm_out
PNEXT {"op":"test","gpio":4,"mode":"pwm_out","measured":{"0":0,"50":49,"100":100}}
>>> test 33 digital_in
PNEXT {"op":"test","gpio":33,"mode":"digital_in","samples":[1,1,1,1,1]}
>>> test 33 digital_in_pullup
PNEXT {"op":"test","gpio":33,"mode":"digital_in_pullup","samples":[1,1,1,1,1]}
>>> test 33 adc_in
PNEXT {"op":"test","gpio":33,"mode":"adc_in","samples":[2406,2380,2379,2381,2380,2382,2379,2378,2382,2379]}
>>> test 33 digital_out
PNEXT {"op":"test","gpio":33,"mode":"digital_out","w0":0,"w1":1}
>>> test 33 pwm_out
PNEXT {"op":"test","gpio":33,"mode":"pwm_out","measured":{"0":0,"50":48,"100":100}}
